{ x: [ 'A', 'hi', false ], y: 2 }
{ x: [ 'B', 1 ], y: 3 }
{ x: [ 'C' ], y: 4 }
[ 'Cons', 1, [ 'Nil' ] ]
[ 'S1', [ 'Cons', 1, [ 'Nil' ] ] ]
[ 'S', [ 'Cons', 1, [ 'Nil' ] ] ]
(Cons (1, Nil))
{ x = (A ("hi", false)); y = 2 }
[ 1, 2, 3 ]
[ 1, 2, 3 ]
[ 'Cons', 1, [ 'Cons', 2, [ 'Nil' ] ] ]
